// Jest Snapshot v1, https://goo.gl/fbAQLP

exports[`render Article Container should render rate component correctly 1`] = `
<ContextConsumer>
  <Component />
</ContextConsumer>
`;
