// Jest Snapshot v1, https://goo.gl/fbAQLP

exports[`<Backdrop /> Backdrop will render without crashing 1`] = `""`;
