// Jest Snapshot v1, https://goo.gl/fbAQLP

exports[`Layout tests render component without failing 1`] = `
<div>
  <Connect(Navbar) />
  <div
    className="content-wrapper"
  />
  <Footer />
</div>
`;
