// Jest Snapshot v1, https://goo.gl/fbAQLP

exports[`<DeleteArticleButtons /> DeleteArticleButtons view will render without crashing 1`] = `
<Container
  textAlign="center"
>
  <div>
    <p>
      Are you sure you want to delete this article?
    </p>
    <Button
      as="button"
      color="red"
    >
      Yes
    </Button>
    <Button
      as="button"
      color="blue"
    >
      No
    </Button>
  </div>
</Container>
`;
