// Jest Snapshot v1, https://goo.gl/fbAQLP

exports[`Follow Following renders correctly 1`] = `
<Container
  centered={true}
>
  <h1 />
  <h3 />
</Container>
`;

exports[`Follow Following renders correctly with followers 1`] = `
<Container
  centered={true}
>
  <h1 />
  <h3 />
</Container>
`;
