// Jest Snapshot v1, https://goo.gl/fbAQLP

exports[`Request password reset component tests renders container consistently 1`] = `
<div
  className="SignupForm"
>
  <Grid
    columns={2}
    relaxed="very"
    stackable={true}
  >
    <GridColumn />
    <GridColumn
      padded="very"
    >
      <Segment
        padded="very"
      >
        <Header
          as="h1"
          textAlign="center"
        >
          Authors Haven
        </Header>
        <Header
          as="h4"
          color="teal"
          textAlign="center"
        >
          A home for the creative at heart
        </Header>
        <br />
        <br />
        <div
          style={
            Object {
              "display": "none",
            }
          }
        >
          <Form
            as="form"
          >
            <Header
              as="h5"
              textAlign="center"
            >
              Enter your registered email to reset your password
            </Header>
            <div
              className="spaceComponents"
            >
              <FormInput
                as={[Function]}
                control={[Function]}
                icon="mail"
                iconPosition="left"
                name="email"
                onChange={[MockFunction]}
                placeholder="Email"
                required={true}
              />
            </div>
            <div
              className="spaceComponents"
            >
              <center>
                <Button
                  as="button"
                  className="SignupBtn"
                  color="teal"
                  disabled={true}
                  loading={false}
                  onClick={[MockFunction]}
                  size="big"
                >
                  Next
                </Button>
              </center>
            </div>
          </Form>
          <Divider
            horizontal={true}
          >
            Or
          </Divider>
          <div
            className="spaceComponents"
          >
            <Header
              color="teal"
              padded="very"
              textAlign="center"
            >
              <Link
                to="/"
              >
                Home
              </Link>
               | 
              <Link
                to="/login"
              >
                Login
              </Link>
            </Header>
          </div>
        </div>
        <div
          style={
            Object {
              "display": false,
            }
          }
        >
          <hr />
          <br />
          <br />
          <Header
            as="h3"
            color="teal"
            textAlign="center"
          >
            success!
          </Header>
          <br />
          <br />
          <hr />
          <br />
          <div
            className="spaceComponents"
          >
            <center>
              <Link
                to="/"
              >
                <Button
                  as="button"
                  className="SignupBtn"
                  color="teal"
                  loading={false}
                  size="big"
                >
                  OK
                </Button>
              </Link>
            </center>
          </div>
        </div>
      </Segment>
    </GridColumn>
  </Grid>
</div>
`;
